#
# There is insufficient memory for the Java Runtime Environment to continue.
# Native memory allocation (malloc) failed to allocate 1610736 bytes. Error detail: Chunk::new
# Possible reasons:
#   The system is out of physical RAM or swap space
#   This process is running with CompressedOops enabled, and the Java Heap may be blocking the growth of the native heap
# Possible solutions:
#   Reduce memory load on the system
#   Increase physical memory or swap space
#   Check if swap backing store is full
#   Decrease Java heap size (-Xmx/-Xms)
#   Decrease number of Java threads
#   Decrease Java thread stack sizes (-Xss)
#   Set larger code cache with -XX:ReservedCodeCacheSize=
#   JVM is running with Unscaled Compressed Oops mode in which the Java heap is
#     placed in the first 4GB address space. The Java Heap base address is the
#     maximum limit for the native heap growth. Please use -XX:HeapBaseMinAddress
#     to set the Java Heap base and to place the Java Heap above 4GB virtual address.
# This output file may be truncated or incomplete.
#
#  Out of Memory Error (arena.cpp:191), pid=14256, tid=13740
#
# JRE version: OpenJDK Runtime Environment Microsoft-13106358 (17.0.18+8) (build 17.0.18+8-LTS)
# Java VM: OpenJDK 64-Bit Server VM Microsoft-13106358 (17.0.18+8-LTS, mixed mode, sharing, tiered, compressed oops, compressed class ptrs, g1 gc, windows-amd64)
# No core dump will be written. Minidumps are not enabled by default on client versions of Windows
#

---------------  S U M M A R Y ------------

Command Line: org.jetbrains.kotlin.cli.jvm.K2JVMCompiler @C:\Users\Frank\OneDrive\Escritorio\DaDosMagicos\DadoTriple\node_modules\react-native-screens\android\build\20260426_10213513621232520008.compiler.options

Host: Intel(R) Core(TM) i3-1005G1 CPU @ 1.20GHz, 4 cores, 7G,  Windows 11 , 64 bit Build 26100 (10.0.26100.8246)
Time: Sun Apr 26 21:45:48 2026 Hora estándar, América Central elapsed time: 330.678789 seconds (0d 0h 5m 30s)

---------------  T H R E A D  ---------------

Current thread (0x00000162aa42dde0):  JavaThread "C2 CompilerThread0" daemon [_thread_in_native, id=13740, stack(0x0000001b20900000,0x0000001b20a00000)]


Current CompileTask:
C2:330678 13250       4       org.jetbrains.kotlin.resolve.calls.tower.ScopeTowerProcessorsKt::createSimpleProcessor (97 bytes)

Stack: [0x0000001b20900000,0x0000001b20a00000]
Native frames: (J=compiled Java code, j=interpreted, Vv=VM code, C=native code)
V  [jvm.dll+0x68c879]  (no source info available)
V  [jvm.dll+0x845979]  (no source info available)
V  [jvm.dll+0x8476e8]  (no source info available)
V  [jvm.dll+0x847d73]  (no source info available)
V  [jvm.dll+0x24cf6f]  (no source info available)
V  [jvm.dll+0xaecb6]  (no source info available)
V  [jvm.dll+0xaf35c]  (no source info available)
V  [jvm.dll+0x3716ff]  (no source info available)
V  [jvm.dll+0x33b985]  (no source info available)
V  [jvm.dll+0x33adea]  (no source info available)
V  [jvm.dll+0x21df29]  (no source info available)
V  [jvm.dll+0x21d36d]  (no source info available)
V  [jvm.dll+0x1a8ce6]  (no source info available)
V  [jvm.dll+0x22db1b]  (no source info available)
V  [jvm.dll+0x22bca6]  (no source info available)
V  [jvm.dll+0x7fbabb]  (no source info available)
V  [jvm.dll+0x7f5ebc]  (no source info available)
V  [jvm.dll+0x68de17]  (no source info available)
C  [ucrtbase.dll+0x37b0]  (no source info available)
C  [KERNEL32.DLL+0x2e8d7]  (no source info available)
C  [ntdll.dll+0x8c3fc]  (no source info available)


---------------  P R O C E S S  ---------------

Threads class SMR info:
_java_thread_list=0x00000162f14c30a0, length=12, elements={
0x000001628ca4bda0, 0x00000162aa40f6d0, 0x00000162aa410c00, 0x00000162aa42b300,
0x00000162aa42bcc0, 0x00000162aa42c680, 0x00000162aa42d040, 0x00000162aa42dde0,
0x00000162aa488860, 0x00000162aa48e550, 0x00000162aa57adf0, 0x00000162aa585590
}

Java Threads: ( => current thread )
  0x000001628ca4bda0 JavaThread "main" [_thread_in_vm, id=13660, stack(0x0000001b1fc00000,0x0000001b1fd00000)]
  0x00000162aa40f6d0 JavaThread "Reference Handler" daemon [_thread_blocked, id=21436, stack(0x0000001b20300000,0x0000001b20400000)]
  0x00000162aa410c00 JavaThread "Finalizer" daemon [_thread_blocked, id=9652, stack(0x0000001b20400000,0x0000001b20500000)]
  0x00000162aa42b300 JavaThread "Signal Dispatcher" daemon [_thread_blocked, id=7660, stack(0x0000001b20500000,0x0000001b20600000)]
  0x00000162aa42bcc0 JavaThread "Attach Listener" daemon [_thread_blocked, id=17024, stack(0x0000001b20600000,0x0000001b20700000)]
  0x00000162aa42c680 JavaThread "Service Thread" daemon [_thread_blocked, id=21456, stack(0x0000001b20700000,0x0000001b20800000)]
  0x00000162aa42d040 JavaThread "Monitor Deflation Thread" daemon [_thread_blocked, id=26216, stack(0x0000001b20800000,0x0000001b20900000)]
=>0x00000162aa42dde0 JavaThread "C2 CompilerThread0" daemon [_thread_in_native, id=13740, stack(0x0000001b20900000,0x0000001b20a00000)]
  0x00000162aa488860 JavaThread "C1 CompilerThread0" daemon [_thread_blocked, id=26888, stack(0x0000001b20a00000,0x0000001b20b00000)]
  0x00000162aa48e550 JavaThread "Sweeper thread" daemon [_thread_blocked, id=13780, stack(0x0000001b20b00000,0x0000001b20c00000)]
  0x00000162aa57adf0 JavaThread "Notification Thread" daemon [_thread_blocked, id=2912, stack(0x0000001b20c00000,0x0000001b20d00000)]
  0x00000162aa585590 JavaThread "Common-Cleaner" daemon [_thread_blocked, id=8316, stack(0x0000001b20e00000,0x0000001b20f00000)]

Other Threads:
  0x00000162aa40af80 VMThread "VM Thread" [stack: 0x0000001b20200000,0x0000001b20300000] [id=22252]
  0x00000162aa57b2d0 WatcherThread [stack: 0x0000001b20d00000,0x0000001b20e00000] [id=29116]
  0x000001628caa7c90 GCTaskThread "GC Thread#0" [stack: 0x0000001b1fd00000,0x0000001b1fe00000] [id=3848]
  0x00000162f005f6c0 GCTaskThread "GC Thread#1" [stack: 0x0000001b20f00000,0x0000001b21000000] [id=2704]
  0x00000162aa8830f0 GCTaskThread "GC Thread#2" [stack: 0x0000001b21000000,0x0000001b21100000] [id=3568]
  0x00000162f0072a80 GCTaskThread "GC Thread#3" [stack: 0x0000001b21100000,0x0000001b21200000] [id=12608]
  0x000001628caba300 ConcurrentGCThread "G1 Main Marker" [stack: 0x0000001b1fe00000,0x0000001b1ff00000] [id=4684]
  0x000001628cabac20 ConcurrentGCThread "G1 Conc#0" [stack: 0x0000001b1ff00000,0x0000001b20000000] [id=23944]
  0x000001628cafecd0 ConcurrentGCThread "G1 Refine#0" [stack: 0x0000001b20000000,0x0000001b20100000] [id=17504]
  0x00000162f18197b0 ConcurrentGCThread "G1 Refine#1" [stack: 0x0000001b21200000,0x0000001b21300000] [id=26884]
  0x00000162f2cbc070 ConcurrentGCThread "G1 Refine#2" [stack: 0x0000001b1fa00000,0x0000001b1fb00000] [id=23768]
  0x00000162aa2b4270 ConcurrentGCThread "G1 Service" [stack: 0x0000001b20100000,0x0000001b20200000] [id=16040]

Threads with active compile tasks:
C2 CompilerThread0  330699 13250       4       org.jetbrains.kotlin.resolve.calls.tower.ScopeTowerProcessorsKt::createSimpleProcessor (97 bytes)

VM state: not at safepoint (normal execution)

VM Mutex/Monitor currently owned by a thread: None

Heap address: 0x0000000084000000, size: 1984 MB, Compressed Oops mode: 32-bit

CDS archive(s) mapped at: [0x00000162ab000000-0x00000162abbb0000-0x00000162abbb0000), size 12255232, SharedBaseAddress: 0x00000162ab000000, ArchiveRelocationMode: 1.
Compressed class space mapped at: 0x00000162ac000000-0x00000162ec000000, reserved size: 1073741824
Narrow klass base: 0x00000162ab000000, Narrow klass shift: 0, Narrow klass range: 0x100000000

GC Precious Log:
 CPUs: 4 total, 4 available
 Memory: 7934M
 Large Page Support: Disabled
 NUMA Support: Disabled
 Compressed Oops: Enabled (32-bit)
 Heap Region Size: 1M
 Heap Min Capacity: 8M
 Heap Initial Capacity: 124M
 Heap Max Capacity: 1984M
 Pre-touch: Disabled
 Parallel Workers: 4
 Concurrent Workers: 1
 Concurrent Refinement Workers: 4
 Periodic GC: Disabled

Heap:
 garbage-first heap   total 152576K, used 95576K [0x0000000084000000, 0x0000000100000000)
  region size 1024K, 11 young (11264K), 4 survivors (4096K)
 Metaspace       used 61202K, committed 61504K, reserved 1114112K
  class space    used 6945K, committed 7104K, reserved 1048576K

Heap Regions: E=young(eden), S=young(survivor), O=old, HS=humongous(starts), HC=humongous(continues), CS=collection set, F=free, OA=open archive, CA=closed archive, TAMS=top-at-mark-start (previous, next)
|   0|0x0000000084000000, 0x0000000084100000, 0x0000000084100000|100%|HS|  |TAMS 0x0000000084100000, 0x0000000084000000| Complete 
|   1|0x0000000084100000, 0x0000000084200000, 0x0000000084200000|100%|HC|  |TAMS 0x0000000084200000, 0x0000000084100000| Complete 
|   2|0x0000000084200000, 0x0000000084300000, 0x0000000084300000|100%|HC|  |TAMS 0x0000000084300000, 0x0000000084200000| Complete 
|   3|0x0000000084300000, 0x0000000084400000, 0x0000000084400000|100%|HC|  |TAMS 0x0000000084400000, 0x0000000084300000| Complete 
|   4|0x0000000084400000, 0x0000000084500000, 0x0000000084500000|100%| O|  |TAMS 0x0000000084500000, 0x0000000084400000| Untracked 
|   5|0x0000000084500000, 0x0000000084600000, 0x0000000084600000|100%| O|  |TAMS 0x0000000084600000, 0x0000000084500000| Untracked 
|   6|0x0000000084600000, 0x0000000084700000, 0x0000000084700000|100%| O|  |TAMS 0x0000000084700000, 0x0000000084600000| Untracked 
|   7|0x0000000084700000, 0x0000000084800000, 0x0000000084800000|100%|HS|  |TAMS 0x0000000084800000, 0x0000000084700000| Complete 
|   8|0x0000000084800000, 0x0000000084900000, 0x0000000084900000|100%|HC|  |TAMS 0x0000000084900000, 0x0000000084800000| Complete 
|   9|0x0000000084900000, 0x0000000084a00000, 0x0000000084a00000|100%|HC|  |TAMS 0x0000000084a00000, 0x0000000084900000| Complete 
|  10|0x0000000084a00000, 0x0000000084b00000, 0x0000000084b00000|100%|HC|  |TAMS 0x0000000084b00000, 0x0000000084a00000| Complete 
|  11|0x0000000084b00000, 0x0000000084c00000, 0x0000000084c00000|100%| O|  |TAMS 0x0000000084c00000, 0x0000000084b00000| Untracked 
|  12|0x0000000084c00000, 0x0000000084d00000, 0x0000000084d00000|100%| O|  |TAMS 0x0000000084d00000, 0x0000000084c00000| Untracked 
|  13|0x0000000084d00000, 0x0000000084e00000, 0x0000000084e00000|100%| O|  |TAMS 0x0000000084e00000, 0x0000000084d00000| Untracked 
|  14|0x0000000084e00000, 0x0000000084f00000, 0x0000000084f00000|100%| O|  |TAMS 0x0000000084f00000, 0x0000000084e00000| Untracked 
|  15|0x0000000084f00000, 0x0000000085000000, 0x0000000085000000|100%| O|  |TAMS 0x0000000085000000, 0x0000000084f00000| Untracked 
|  16|0x0000000085000000, 0x0000000085100000, 0x0000000085100000|100%| O|  |TAMS 0x0000000085100000, 0x0000000085000000| Untracked 
|  17|0x0000000085100000, 0x0000000085200000, 0x0000000085200000|100%| O|  |TAMS 0x0000000085200000, 0x0000000085100000| Untracked 
|  18|0x0000000085200000, 0x0000000085300000, 0x0000000085300000|100%| O|  |TAMS 0x0000000085300000, 0x0000000085200000| Untracked 
|  19|0x0000000085300000, 0x0000000085400000, 0x0000000085400000|100%| O|  |TAMS 0x0000000085400000, 0x0000000085300000| Untracked 
|  20|0x0000000085400000, 0x0000000085500000, 0x0000000085500000|100%| O|  |TAMS 0x0000000085500000, 0x0000000085400000| Untracked 
|  21|0x0000000085500000, 0x0000000085600000, 0x0000000085600000|100%| O|  |TAMS 0x0000000085600000, 0x0000000085500000| Untracked 
|  22|0x0000000085600000, 0x0000000085700000, 0x0000000085700000|100%| O|  |TAMS 0x0000000085700000, 0x0000000085600000| Untracked 
|  23|0x0000000085700000, 0x0000000085800000, 0x0000000085800000|100%|HS|  |TAMS 0x0000000085800000, 0x0000000085700000| Complete 
|  24|0x0000000085800000, 0x0000000085900000, 0x0000000085900000|100%|HC|  |TAMS 0x0000000085900000, 0x0000000085800000| Complete 
|  25|0x0000000085900000, 0x0000000085a00000, 0x0000000085a00000|100%| O|  |TAMS 0x0000000085a00000, 0x0000000085900000| Untracked 
|  26|0x0000000085a00000, 0x0000000085b00000, 0x0000000085b00000|100%| O|  |TAMS 0x0000000085b00000, 0x0000000085a00000| Untracked 
|  27|0x0000000085b00000, 0x0000000085c00000, 0x0000000085c00000|100%| O|  |TAMS 0x0000000085c00000, 0x0000000085b00000| Untracked 
|  28|0x0000000085c00000, 0x0000000085d00000, 0x0000000085d00000|100%| O|  |TAMS 0x0000000085d00000, 0x0000000085c00000| Untracked 
|  29|0x0000000085d00000, 0x0000000085e00000, 0x0000000085e00000|100%| O|  |TAMS 0x0000000085e00000, 0x0000000085d00000| Complete 
|  30|0x0000000085e00000, 0x0000000085f00000, 0x0000000085f00000|100%| O|  |TAMS 0x0000000085f00000, 0x0000000085e00000| Untracked 
|  31|0x0000000085f00000, 0x0000000086000000, 0x0000000086000000|100%| O|  |TAMS 0x0000000086000000, 0x0000000085f00000| Untracked 
|  32|0x0000000086000000, 0x0000000086100000, 0x0000000086100000|100%| O|  |TAMS 0x0000000086100000, 0x0000000086000000| Untracked 
|  33|0x0000000086100000, 0x0000000086200000, 0x0000000086200000|100%| O|  |TAMS 0x0000000086200000, 0x0000000086100000| Untracked 
|  34|0x0000000086200000, 0x0000000086300000, 0x0000000086300000|100%| O|  |TAMS 0x0000000086300000, 0x0000000086200000| Untracked 
|  35|0x0000000086300000, 0x0000000086400000, 0x0000000086400000|100%| O|  |TAMS 0x0000000086400000, 0x0000000086300000| Untracked 
|  36|0x0000000086400000, 0x0000000086500000, 0x0000000086500000|100%| O|  |TAMS 0x0000000086500000, 0x0000000086400000| Untracked 
|  37|0x0000000086500000, 0x0000000086600000, 0x0000000086600000|100%| O|  |TAMS 0x0000000086600000, 0x0000000086500000| Untracked 
|  38|0x0000000086600000, 0x0000000086700000, 0x0000000086700000|100%| O|  |TAMS 0x0000000086700000, 0x0000000086600000| Untracked 
|  39|0x0000000086700000, 0x0000000086800000, 0x0000000086800000|100%| O|  |TAMS 0x0000000086800000, 0x0000000086700000| Untracked 
|  40|0x0000000086800000, 0x0000000086900000, 0x0000000086900000|100%| O|  |TAMS 0x0000000086900000, 0x0000000086800000| Untracked 
|  41|0x0000000086900000, 0x0000000086a00000, 0x0000000086a00000|100%| O|  |TAMS 0x0000000086a00000, 0x0000000086900000| Untracked 
|  42|0x0000000086a00000, 0x0000000086b00000, 0x0000000086b00000|100%| O|  |TAMS 0x0000000086b00000, 0x0000000086a00000| Untracked 
|  43|0x0000000086b00000, 0x0000000086c00000, 0x0000000086c00000|100%| O|  |TAMS 0x0000000086c00000, 0x0000000086b00000| Untracked 
|  44|0x0000000086c00000, 0x0000000086d00000, 0x0000000086d00000|100%| O|  |TAMS 0x0000000086d00000, 0x0000000086c00000| Untracked 
|  45|0x0000000086d00000, 0x0000000086e00000, 0x0000000086e00000|100%| O|  |TAMS 0x0000000086e00000, 0x0000000086d00000| Untracked 
|  46|0x0000000086e00000, 0x0000000086f00000, 0x0000000086f00000|100%| O|  |TAMS 0x0000000086f00000, 0x0000000086e00000| Untracked 
|  47|0x0000000086f00000, 0x0000000087000000, 0x0000000087000000|100%| O|  |TAMS 0x0000000087000000, 0x0000000086f00000| Untracked 
|  48|0x0000000087000000, 0x0000000087100000, 0x0000000087100000|100%| O|  |TAMS 0x0000000087100000, 0x0000000087000000| Untracked 
|  49|0x0000000087100000, 0x0000000087200000, 0x0000000087200000|100%| O|  |TAMS 0x0000000087200000, 0x0000000087100000| Untracked 
|  50|0x0000000087200000, 0x0000000087300000, 0x0000000087300000|100%| O|  |TAMS 0x0000000087300000, 0x0000000087200000| Untracked 
|  51|0x0000000087300000, 0x0000000087400000, 0x0000000087400000|100%| O|  |TAMS 0x0000000087400000, 0x0000000087300000| Untracked 
|  52|0x0000000087400000, 0x0000000087500000, 0x0000000087500000|100%| O|  |TAMS 0x0000000087500000, 0x0000000087400000| Untracked 
|  53|0x0000000087500000, 0x0000000087600000, 0x0000000087600000|100%| O|  |TAMS 0x0000000087600000, 0x0000000087500000| Untracked 
|  54|0x0000000087600000, 0x0000000087700000, 0x0000000087700000|100%| O|  |TAMS 0x0000000087700000, 0x0000000087600000| Untracked 
|  55|0x0000000087700000, 0x0000000087800000, 0x0000000087800000|100%| O|  |TAMS 0x0000000087800000, 0x0000000087700000| Untracked 
|  56|0x0000000087800000, 0x0000000087900000, 0x0000000087900000|100%| O|  |TAMS 0x0000000087900000, 0x0000000087800000| Untracked 
|  57|0x0000000087900000, 0x0000000087a00000, 0x0000000087a00000|100%| O|  |TAMS 0x0000000087a00000, 0x0000000087900000| Untracked 
|  58|0x0000000087a00000, 0x0000000087b00000, 0x0000000087b00000|100%| O|  |TAMS 0x0000000087b00000, 0x0000000087a00000| Untracked 
|  59|0x0000000087b00000, 0x0000000087c00000, 0x0000000087c00000|100%| O|  |TAMS 0x0000000087c00000, 0x0000000087b00000| Untracked 
|  60|0x0000000087c00000, 0x0000000087d00000, 0x0000000087d00000|100%| O|  |TAMS 0x0000000087d00000, 0x0000000087c00000| Untracked 
|  61|0x0000000087d00000, 0x0000000087e00000, 0x0000000087e00000|100%| O|  |TAMS 0x0000000087e00000, 0x0000000087d00000| Untracked 
|  62|0x0000000087e00000, 0x0000000087f00000, 0x0000000087f00000|100%| O|  |TAMS 0x0000000087f00000, 0x0000000087e00000| Untracked 
|  63|0x0000000087f00000, 0x0000000088000000, 0x0000000088000000|100%| O|  |TAMS 0x0000000088000000, 0x0000000087f00000| Untracked 
|  64|0x0000000088000000, 0x0000000088100000, 0x0000000088100000|100%| O|  |TAMS 0x0000000088100000, 0x0000000088000000| Untracked 
|  65|0x0000000088100000, 0x0000000088200000, 0x0000000088200000|100%| O|  |TAMS 0x0000000088200000, 0x0000000088100000| Untracked 
|  66|0x0000000088200000, 0x0000000088300000, 0x0000000088300000|100%| O|  |TAMS 0x0000000088300000, 0x0000000088200000| Untracked 
|  67|0x0000000088300000, 0x0000000088400000, 0x0000000088400000|100%| O|  |TAMS 0x0000000088400000, 0x0000000088300000| Untracked 
|  68|0x0000000088400000, 0x0000000088500000, 0x0000000088500000|100%| O|  |TAMS 0x0000000088500000, 0x0000000088400000| Untracked 
|  69|0x0000000088500000, 0x0000000088600000, 0x0000000088600000|100%| O|  |TAMS 0x0000000088600000, 0x0000000088500000| Untracked 
|  70|0x0000000088600000, 0x0000000088700000, 0x0000000088700000|100%| O|  |TAMS 0x0000000088700000, 0x0000000088600000| Untracked 
|  71|0x0000000088700000, 0x0000000088800000, 0x0000000088800000|100%| O|  |TAMS 0x0000000088800000, 0x0000000088700000| Untracked 
|  72|0x0000000088800000, 0x0000000088900000, 0x0000000088900000|100%| O|  |TAMS 0x0000000088900000, 0x0000000088800000| Untracked 
|  73|0x0000000088900000, 0x0000000088a00000, 0x0000000088a00000|100%| O|  |TAMS 0x0000000088a00000, 0x0000000088900000| Untracked 
|  74|0x0000000088a00000, 0x0000000088b00000, 0x0000000088b00000|100%| O|  |TAMS 0x0000000088b00000, 0x0000000088a00000| Untracked 
|  75|0x0000000088b00000, 0x0000000088c00000, 0x0000000088c00000|100%| O|  |TAMS 0x0000000088c00000, 0x0000000088b00000| Untracked 
|  76|0x0000000088c00000, 0x0000000088d00000, 0x0000000088d00000|100%| O|  |TAMS 0x0000000088d00000, 0x0000000088c00000| Untracked 
|  77|0x0000000088d00000, 0x0000000088e00000, 0x0000000088e00000|100%| O|  |TAMS 0x0000000088e00000, 0x0000000088d00000| Untracked 
|  78|0x0000000088e00000, 0x0000000088f00000, 0x0000000088f00000|100%| O|  |TAMS 0x0000000088f00000, 0x0000000088e00000| Untracked 
|  79|0x0000000088f00000, 0x0000000089000000, 0x0000000089000000|100%| O|  |TAMS 0x0000000089000000, 0x0000000088f00000| Untracked 
|  80|0x0000000089000000, 0x0000000089100000, 0x0000000089100000|100%| O|  |TAMS 0x0000000089100000, 0x0000000089000000| Untracked 
|  81|0x0000000089100000, 0x0000000089200000, 0x0000000089200000|100%|HS|  |TAMS 0x0000000089200000, 0x0000000089100000| Complete 
|  82|0x0000000089200000, 0x0000000089300000, 0x0000000089300000|100%|HC|  |TAMS 0x0000000089300000, 0x0000000089200000| Complete 
|  83|0x0000000089300000, 0x000000008939a200, 0x0000000089400000| 60%| O|  |TAMS 0x000000008939a200, 0x0000000089300000| Untracked 
|  84|0x0000000089400000, 0x0000000089400000, 0x0000000089500000|  0%| F|  |TAMS 0x0000000089400000, 0x0000000089400000| Untracked 
|  85|0x0000000089500000, 0x0000000089500000, 0x0000000089600000|  0%| F|  |TAMS 0x0000000089500000, 0x0000000089500000| Untracked 
|  86|0x0000000089600000, 0x0000000089600000, 0x0000000089700000|  0%| F|  |TAMS 0x0000000089600000, 0x0000000089600000| Untracked 
|  87|0x0000000089700000, 0x0000000089700000, 0x0000000089800000|  0%| F|  |TAMS 0x0000000089700000, 0x0000000089700000| Untracked 
|  88|0x0000000089800000, 0x0000000089800000, 0x0000000089900000|  0%| F|  |TAMS 0x0000000089800000, 0x0000000089800000| Untracked 
|  89|0x0000000089900000, 0x0000000089900000, 0x0000000089a00000|  0%| F|  |TAMS 0x0000000089900000, 0x0000000089900000| Untracked 
|  90|0x0000000089a00000, 0x0000000089a00000, 0x0000000089b00000|  0%| F|  |TAMS 0x0000000089a00000, 0x0000000089a00000| Untracked 
|  91|0x0000000089b00000, 0x0000000089b00000, 0x0000000089c00000|  0%| F|  |TAMS 0x0000000089b00000, 0x0000000089b00000| Untracked 
|  92|0x0000000089c00000, 0x0000000089c00000, 0x0000000089d00000|  0%| F|  |TAMS 0x0000000089c00000, 0x0000000089c00000| Untracked 
|  93|0x0000000089d00000, 0x0000000089d00000, 0x0000000089e00000|  0%| F|  |TAMS 0x0000000089d00000, 0x0000000089d00000| Untracked 
|  94|0x0000000089e00000, 0x0000000089e00000, 0x0000000089f00000|  0%| F|  |TAMS 0x0000000089e00000, 0x0000000089e00000| Untracked 
|  95|0x0000000089f00000, 0x0000000089f00000, 0x000000008a000000|  0%| F|  |TAMS 0x0000000089f00000, 0x0000000089f00000| Untracked 
|  96|0x000000008a000000, 0x000000008a000000, 0x000000008a100000|  0%| F|  |TAMS 0x000000008a000000, 0x000000008a000000| Untracked 
|  97|0x000000008a100000, 0x000000008a100000, 0x000000008a200000|  0%| F|  |TAMS 0x000000008a100000, 0x000000008a100000| Untracked 
|  98|0x000000008a200000, 0x000000008a200000, 0x000000008a300000|  0%| F|  |TAMS 0x000000008a200000, 0x000000008a200000| Untracked 
|  99|0x000000008a300000, 0x000000008a300000, 0x000000008a400000|  0%| F|  |TAMS 0x000000008a300000, 0x000000008a300000| Untracked 
| 100|0x000000008a400000, 0x000000008a4bc078, 0x000000008a500000| 73%| S|CS|TAMS 0x000000008a400000, 0x000000008a400000| Complete 
| 101|0x000000008a500000, 0x000000008a600000, 0x000000008a600000|100%| S|CS|TAMS 0x000000008a500000, 0x000000008a500000| Complete 
| 102|0x000000008a600000, 0x000000008a700000, 0x000000008a700000|100%| S|CS|TAMS 0x000000008a600000, 0x000000008a600000| Complete 
| 103|0x000000008a700000, 0x000000008a800000, 0x000000008a800000|100%| S|CS|TAMS 0x000000008a700000, 0x000000008a700000| Complete 
| 104|0x000000008a800000, 0x000000008a800000, 0x000000008a900000|  0%| F|  |TAMS 0x000000008a800000, 0x000000008a800000| Untracked 
| 105|0x000000008a900000, 0x000000008a900000, 0x000000008aa00000|  0%| F|  |TAMS 0x000000008a900000, 0x000000008a900000| Untracked 
| 106|0x000000008aa00000, 0x000000008aa00000, 0x000000008ab00000|  0%| F|  |TAMS 0x000000008aa00000, 0x000000008aa00000| Untracked 
| 107|0x000000008ab00000, 0x000000008ab00000, 0x000000008ac00000|  0%| F|  |TAMS 0x000000008ab00000, 0x000000008ab00000| Untracked 
| 108|0x000000008ac00000, 0x000000008ac00000, 0x000000008ad00000|  0%| F|  |TAMS 0x000000008ac00000, 0x000000008ac00000| Untracked 
| 109|0x000000008ad00000, 0x000000008ad00000, 0x000000008ae00000|  0%| F|  |TAMS 0x000000008ad00000, 0x000000008ad00000| Untracked 
| 110|0x000000008ae00000, 0x000000008ae00000, 0x000000008af00000|  0%| F|  |TAMS 0x000000008ae00000, 0x000000008ae00000| Untracked 
| 111|0x000000008af00000, 0x000000008af00000, 0x000000008b000000|  0%| F|  |TAMS 0x000000008af00000, 0x000000008af00000| Untracked 
| 112|0x000000008b000000, 0x000000008b000000, 0x000000008b100000|  0%| F|  |TAMS 0x000000008b000000, 0x000000008b000000| Untracked 
| 113|0x000000008b100000, 0x000000008b100000, 0x000000008b200000|  0%| F|  |TAMS 0x000000008b100000, 0x000000008b100000| Untracked 
| 114|0x000000008b200000, 0x000000008b200000, 0x000000008b300000|  0%| F|  |TAMS 0x000000008b200000, 0x000000008b200000| Untracked 
| 115|0x000000008b300000, 0x000000008b300000, 0x000000008b400000|  0%| F|  |TAMS 0x000000008b300000, 0x000000008b300000| Untracked 
| 116|0x000000008b400000, 0x000000008b400000, 0x000000008b500000|  0%| F|  |TAMS 0x000000008b400000, 0x000000008b400000| Untracked 
| 117|0x000000008b500000, 0x000000008b500000, 0x000000008b600000|  0%| F|  |TAMS 0x000000008b500000, 0x000000008b500000| Untracked 
| 118|0x000000008b600000, 0x000000008b600000, 0x000000008b700000|  0%| F|  |TAMS 0x000000008b600000, 0x000000008b600000| Untracked 
| 119|0x000000008b700000, 0x000000008b700000, 0x000000008b800000|  0%| F|  |TAMS 0x000000008b700000, 0x000000008b700000| Untracked 
| 120|0x000000008b800000, 0x000000008b800000, 0x000000008b900000|  0%| F|  |TAMS 0x000000008b800000, 0x000000008b800000| Untracked 
| 121|0x000000008b900000, 0x000000008b900000, 0x000000008ba00000|  0%| F|  |TAMS 0x000000008b900000, 0x000000008b900000| Untracked 
| 122|0x000000008ba00000, 0x000000008ba00000, 0x000000008bb00000|  0%| F|  |TAMS 0x000000008ba00000, 0x000000008ba00000| Untracked 
| 123|0x000000008bb00000, 0x000000008bb00000, 0x000000008bc00000|  0%| F|  |TAMS 0x000000008bb00000, 0x000000008bb00000| Untracked 
| 124|0x000000008bc00000, 0x000000008bc00000, 0x000000008bd00000|  0%| F|  |TAMS 0x000000008bc00000, 0x000000008bc00000| Untracked 
| 125|0x000000008bd00000, 0x000000008bd00000, 0x000000008be00000|  0%| F|  |TAMS 0x000000008bd00000, 0x000000008bd00000| Untracked 
| 126|0x000000008be00000, 0x000000008be00000, 0x000000008bf00000|  0%| F|  |TAMS 0x000000008be00000, 0x000000008be00000| Untracked 
| 127|0x000000008bf00000, 0x000000008bf00000, 0x000000008c000000|  0%| F|  |TAMS 0x000000008bf00000, 0x000000008bf00000| Untracked 
| 128|0x000000008c000000, 0x000000008c000000, 0x000000008c100000|  0%| F|  |TAMS 0x000000008c000000, 0x000000008c000000| Untracked 
| 129|0x000000008c100000, 0x000000008c200000, 0x000000008c200000|100%| E|CS|TAMS 0x000000008c100000, 0x000000008c100000| Complete 
| 130|0x000000008c200000, 0x000000008c200000, 0x000000008c300000|  0%| F|  |TAMS 0x000000008c200000, 0x000000008c200000| Untracked 
| 131|0x000000008c300000, 0x000000008c300000, 0x000000008c400000|  0%| F|  |TAMS 0x000000008c300000, 0x000000008c300000| Untracked 
| 132|0x000000008c400000, 0x000000008c400000, 0x000000008c500000|  0%| F|  |TAMS 0x000000008c400000, 0x000000008c400000| Untracked 
| 133|0x000000008c500000, 0x000000008c500000, 0x000000008c600000|  0%| F|  |TAMS 0x000000008c500000, 0x000000008c500000| Untracked 
| 134|0x000000008c600000, 0x000000008c600000, 0x000000008c700000|  0%| F|  |TAMS 0x000000008c600000, 0x000000008c600000| Untracked 
| 135|0x000000008c700000, 0x000000008c700000, 0x000000008c800000|  0%| F|  |TAMS 0x000000008c700000, 0x000000008c700000| Untracked 
| 136|0x000000008c800000, 0x000000008c800000, 0x000000008c900000|  0%| F|  |TAMS 0x000000008c800000, 0x000000008c800000| Untracked 
| 137|0x000000008c900000, 0x000000008c900000, 0x000000008ca00000|  0%| F|  |TAMS 0x000000008c900000, 0x000000008c900000| Untracked 
| 138|0x000000008ca00000, 0x000000008ca00000, 0x000000008cb00000|  0%| F|  |TAMS 0x000000008ca00000, 0x000000008ca00000| Untracked 
| 139|0x000000008cb00000, 0x000000008cb00000, 0x000000008cc00000|  0%| F|  |TAMS 0x000000008cb00000, 0x000000008cb00000| Untracked 
| 140|0x000000008cc00000, 0x000000008cc00000, 0x000000008cd00000|  0%| F|  |TAMS 0x000000008cc00000, 0x000000008cc00000| Untracked 
| 141|0x000000008cd00000, 0x000000008cd00000, 0x000000008ce00000|  0%| F|  |TAMS 0x000000008cd00000, 0x000000008cd00000| Untracked 
| 142|0x000000008ce00000, 0x000000008ce00000, 0x000000008cf00000|  0%| F|  |TAMS 0x000000008ce00000, 0x000000008ce00000| Untracked 
| 143|0x000000008cf00000, 0x000000008cfe0d20, 0x000000008d000000| 87%| E|  |TAMS 0x000000008cf00000, 0x000000008cf00000| Complete 
| 144|0x000000008d000000, 0x000000008d100000, 0x000000008d100000|100%| E|CS|TAMS 0x000000008d000000, 0x000000008d000000| Complete 
| 145|0x000000008d100000, 0x000000008d200000, 0x000000008d200000|100%| E|CS|TAMS 0x000000008d100000, 0x000000008d100000| Complete 
| 146|0x000000008d200000, 0x000000008d300000, 0x000000008d300000|100%| E|CS|TAMS 0x000000008d200000, 0x000000008d200000| Complete 
| 147|0x000000008d300000, 0x000000008d400000, 0x000000008d400000|100%| E|CS|TAMS 0x000000008d300000, 0x000000008d300000| Complete 
| 148|0x000000008d400000, 0x000000008d500000, 0x000000008d500000|100%| E|CS|TAMS 0x000000008d400000, 0x000000008d400000| Complete 

Card table byte_map: [0x00000162a39a0000,0x00000162a3d80000] _byte_map_base: 0x00000162a3580000

Marking Bits (Prev, Next): (CMBitMap*) 0x000001628caaa1d0, (CMBitMap*) 0x000001628caaa210
 Prev Bits: [0x00000162a4160000, 0x00000162a6060000)
 Next Bits: [0x00000162a6060000, 0x00000162a7f60000)

Polling page: 0x000001628c200000

Metaspace:

Usage:
  Non-class:     52.98 MB used.
      Class:      6.78 MB used.
       Both:     59.77 MB used.

Virtual space:
  Non-class space:       64.00 MB reserved,      53.12 MB ( 83%) committed,  1 nodes.
      Class space:        1.00 GB reserved,       6.94 MB ( <1%) committed,  1 nodes.
             Both:        1.06 GB reserved,      60.06 MB (  6%) committed. 

Chunk freelists:
   Non-Class:  10.82 MB
       Class:  9.01 MB
        Both:  19.83 MB

MaxMetaspaceSize: unlimited
CompressedClassSpaceSize: 1.00 GB
Initial GC threshold: 21.00 MB
Current GC threshold: 100.00 MB
CDS: on
MetaspaceReclaimPolicy: balanced
 - commit_granule_bytes: 65536.
 - commit_granule_words: 8192.
 - virtual_space_node_default_size: 8388608.
 - enlarge_chunks_in_place: 1.
 - new_chunks_are_fully_committed: 0.
 - uncommit_free_chunks: 1.
 - use_allocation_guard: 0.
 - handle_deallocations: 1.


Internal statistics:

num_allocs_failed_limit: 6.
num_arena_births: 366.
num_arena_deaths: 0.
num_vsnodes_births: 2.
num_vsnodes_deaths: 0.
num_space_committed: 959.
num_space_uncommitted: 0.
num_chunks_returned_to_freelist: 6.
num_chunks_taken_from_freelist: 2622.
num_chunk_merges: 6.
num_chunk_splits: 2038.
num_chunks_enlarged: 1745.
num_inconsistent_stats: 0.

CodeHeap 'non-profiled nmethods': size=120000Kb used=7774Kb max_used=8012Kb free=112226Kb
 bounds [0x000001629c090000, 0x000001629c870000, 0x00000162a35c0000]
CodeHeap 'profiled nmethods': size=120000Kb used=30552Kb max_used=30940Kb free=89447Kb
 bounds [0x00000162945c0000, 0x0000016296430000, 0x000001629baf0000]
CodeHeap 'non-nmethods': size=5760Kb used=1330Kb max_used=1390Kb free=4429Kb
 bounds [0x000001629baf0000, 0x000001629bd60000, 0x000001629c090000]
 total_blobs=11205 nmethods=10571 adapters=543
 compilation: enabled
              stopped_count=0, restarted_count=0
 full_count=0

Compilation events (20 events):
Event: 330.496 Thread 0x00000162aa488860 nmethod 13244 0x0000016295478890 code [0x0000016295478a80, 0x0000016295478f38]
Event: 330.497 Thread 0x00000162aa488860 13245       3       org.jetbrains.kotlin.psi.KtValueArgumentList::accept (15 bytes)
Event: 330.497 Thread 0x00000162aa488860 nmethod 13245 0x0000016295308390 code [0x0000016295308540, 0x0000016295308798]
Event: 330.505 Thread 0x00000162aa488860 13246       3       org.jetbrains.kotlin.psi.KtVisitorVoid::visitDotQualifiedExpression (10 bytes)
Event: 330.506 Thread 0x00000162aa488860 nmethod 13246 0x00000162959b6890 code [0x00000162959b6aa0, 0x00000162959b7228]
Event: 330.506 Thread 0x00000162aa488860 13247       3       org.jetbrains.kotlin.psi.KtVisitorVoid::visitDotQualifiedExpression (17 bytes)
Event: 330.507 Thread 0x00000162aa488860 nmethod 13247 0x00000162958d6d90 code [0x00000162958d6fa0, 0x00000162958d75c8]
Event: 330.507 Thread 0x00000162aa488860 13248       3       org.jetbrains.kotlin.psi.KtVisitorVoid::visitDotQualifiedExpression (17 bytes)
Event: 330.507 Thread 0x00000162aa488860 nmethod 13248 0x0000016295817290 code [0x0000016295817480, 0x0000016295817938]
Event: 330.518 Thread 0x00000162aa42dde0 13249       4       org.jetbrains.kotlin.resolve.calls.tower.ScopeTowerProcessorsKt::createSimpleProcessorWithoutClassValueReceiver (152 bytes)
Event: 330.530 Thread 0x00000162aa42dde0 nmethod 13249 0x000001629c6e1e10 code [0x000001629c6e1fc0, 0x000001629c6e2ad8]
Event: 330.545 Thread 0x00000162aa42dde0 13250       4       org.jetbrains.kotlin.resolve.calls.tower.ScopeTowerProcessorsKt::createSimpleProcessor (97 bytes)
Event: 330.655 Thread 0x00000162aa488860 13252       3       org.jetbrains.kotlin.builtins.KotlinBuiltIns::isShort (17 bytes)
Event: 330.655 Thread 0x00000162aa488860 nmethod 13252 0x000001629578ac90 code [0x000001629578ae40, 0x000001629578afd8]
Event: 330.657 Thread 0x00000162aa488860 13253       3       org.jetbrains.kotlin.com.intellij.psi.impl.source.tree.LazyParseablePsiElement::getContainingFile (20 bytes)
Event: 330.657 Thread 0x00000162aa488860 nmethod 13253 0x0000016295316d90 code [0x0000016295316f40, 0x0000016295317178]
Event: 330.672 Thread 0x00000162aa488860 13254       3       org.jetbrains.kotlin.types.expressions.ExpressionTypingVisitorForStatements::visitBlockExpression (10 bytes)
Event: 330.673 Thread 0x00000162aa488860 nmethod 13254 0x00000162949c7190 code [0x00000162949c7380, 0x00000162949c77e8]
Event: 330.673 Thread 0x00000162aa488860 13255       3       org.jetbrains.kotlin.types.expressions.ExpressionTypingVisitorForStatements::visitBlockExpression (23 bytes)
Event: 330.673 Thread 0x00000162aa488860 nmethod 13255 0x0000016295330710 code [0x00000162953308e0, 0x0000016295330bc8]

GC Heap History (20 events):
Event: 184.017 GC heap before
{Heap before GC invocations=37 (full 0):
 garbage-first heap   total 117760K, used 94955K [0x0000000084000000, 0x0000000100000000)
  region size 1024K, 26 young (26624K), 1 survivors (1024K)
 Metaspace       used 53442K, committed 53760K, reserved 1114112K
  class space    used 6285K, committed 6464K, reserved 1048576K
}
Event: 184.026 GC heap after
{Heap after GC invocations=38 (full 0):
 garbage-first heap   total 117760K, used 70341K [0x0000000084000000, 0x0000000100000000)
  region size 1024K, 2 young (2048K), 2 survivors (2048K)
 Metaspace       used 53442K, committed 53760K, reserved 1114112K
  class space    used 6285K, committed 6464K, reserved 1048576K
}
Event: 186.430 GC heap before
{Heap before GC invocations=38 (full 0):
 garbage-first heap   total 117760K, used 73413K [0x0000000084000000, 0x0000000100000000)
  region size 1024K, 5 young (5120K), 2 survivors (2048K)
 Metaspace       used 53692K, committed 54016K, reserved 1114112K
  class space    used 6320K, committed 6464K, reserved 1048576K
}
Event: 186.438 GC heap after
{Heap after GC invocations=39 (full 0):
 garbage-first heap   total 117760K, used 70215K [0x0000000084000000, 0x0000000100000000)
  region size 1024K, 1 young (1024K), 1 survivors (1024K)
 Metaspace       used 53692K, committed 54016K, reserved 1114112K
  class space    used 6320K, committed 6464K, reserved 1048576K
}
Event: 204.130 GC heap before
{Heap before GC invocations=39 (full 0):
 garbage-first heap   total 117760K, used 94791K [0x0000000084000000, 0x0000000100000000)
  region size 1024K, 25 young (25600K), 1 survivors (1024K)
 Metaspace       used 55939K, committed 56256K, reserved 1114112K
  class space    used 6498K, committed 6656K, reserved 1048576K
}
Event: 204.139 GC heap after
{Heap after GC invocations=40 (full 0):
 garbage-first heap   total 117760K, used 73895K [0x0000000084000000, 0x0000000100000000)
  region size 1024K, 3 young (3072K), 3 survivors (3072K)
 Metaspace       used 55939K, committed 56256K, reserved 1114112K
  class space    used 6498K, committed 6656K, reserved 1048576K
}
Event: 219.295 GC heap before
{Heap before GC invocations=40 (full 0):
 garbage-first heap   total 117760K, used 96423K [0x0000000084000000, 0x0000000100000000)
  region size 1024K, 25 young (25600K), 3 survivors (3072K)
 Metaspace       used 57405K, committed 57728K, reserved 1114112K
  class space    used 6617K, committed 6784K, reserved 1048576K
}
Event: 219.361 GC heap after
{Heap after GC invocations=41 (full 0):
 garbage-first heap   total 117760K, used 75677K [0x0000000084000000, 0x0000000100000000)
  region size 1024K, 3 young (3072K), 3 survivors (3072K)
 Metaspace       used 57405K, committed 57728K, reserved 1114112K
  class space    used 6617K, committed 6784K, reserved 1048576K
}
Event: 248.271 GC heap before
{Heap before GC invocations=41 (full 0):
 garbage-first heap   total 117760K, used 97181K [0x0000000084000000, 0x0000000100000000)
  region size 1024K, 24 young (24576K), 3 survivors (3072K)
 Metaspace       used 59352K, committed 59712K, reserved 1114112K
  class space    used 6824K, committed 6976K, reserved 1048576K
}
Event: 248.301 GC heap after
{Heap after GC invocations=42 (full 0):
 garbage-first heap   total 117760K, used 78658K [0x0000000084000000, 0x0000000100000000)
  region size 1024K, 3 young (3072K), 3 survivors (3072K)
 Metaspace       used 59352K, committed 59712K, reserved 1114112K
  class space    used 6824K, committed 6976K, reserved 1048576K
}
Event: 262.104 GC heap before
{Heap before GC invocations=43 (full 0):
 garbage-first heap   total 133120K, used 97090K [0x0000000084000000, 0x0000000100000000)
  region size 1024K, 21 young (21504K), 3 survivors (3072K)
 Metaspace       used 60041K, committed 60352K, reserved 1114112K
  class space    used 6898K, committed 7040K, reserved 1048576K
}
Event: 262.120 GC heap after
{Heap after GC invocations=44 (full 0):
 garbage-first heap   total 133120K, used 81494K [0x0000000084000000, 0x0000000100000000)
  region size 1024K, 3 young (3072K), 3 survivors (3072K)
 Metaspace       used 60041K, committed 60352K, reserved 1114112K
  class space    used 6898K, committed 7040K, reserved 1048576K
}
Event: 264.025 GC heap before
{Heap before GC invocations=44 (full 0):
 garbage-first heap   total 133120K, used 84566K [0x0000000084000000, 0x0000000100000000)
  region size 1024K, 6 young (6144K), 3 survivors (3072K)
 Metaspace       used 60169K, committed 60544K, reserved 1114112K
  class space    used 6900K, committed 7104K, reserved 1048576K
}
Event: 264.039 GC heap after
{Heap after GC invocations=45 (full 0):
 garbage-first heap   total 133120K, used 81772K [0x0000000084000000, 0x0000000100000000)
  region size 1024K, 1 young (1024K), 1 survivors (1024K)
 Metaspace       used 60169K, committed 60544K, reserved 1114112K
  class space    used 6900K, committed 7104K, reserved 1048576K
}
Event: 283.444 GC heap before
{Heap before GC invocations=45 (full 0):
 garbage-first heap   total 133120K, used 110444K [0x0000000084000000, 0x0000000100000000)
  region size 1024K, 27 young (27648K), 1 survivors (1024K)
 Metaspace       used 60648K, committed 60992K, reserved 1114112K
  class space    used 6934K, committed 7104K, reserved 1048576K
}
Event: 283.617 GC heap after
{Heap after GC invocations=46 (full 0):
 garbage-first heap   total 133120K, used 85624K [0x0000000084000000, 0x0000000100000000)
  region size 1024K, 3 young (3072K), 3 survivors (3072K)
 Metaspace       used 60648K, committed 60992K, reserved 1114112K
  class space    used 6934K, committed 7104K, reserved 1048576K
}
Event: 294.874 GC heap before
{Heap before GC invocations=46 (full 0):
 garbage-first heap   total 133120K, used 110200K [0x0000000084000000, 0x0000000100000000)
  region size 1024K, 27 young (27648K), 3 survivors (3072K)
 Metaspace       used 60821K, committed 61184K, reserved 1114112K
  class space    used 6941K, committed 7104K, reserved 1048576K
}
Event: 294.891 GC heap after
{Heap after GC invocations=47 (full 0):
 garbage-first heap   total 133120K, used 87303K [0x0000000084000000, 0x0000000100000000)
  region size 1024K, 2 young (2048K), 2 survivors (2048K)
 Metaspace       used 60821K, committed 61184K, reserved 1114112K
  class space    used 6941K, committed 7104K, reserved 1048576K
}
Event: 324.224 GC heap before
{Heap before GC invocations=47 (full 0):
 garbage-first heap   total 133120K, used 111879K [0x0000000084000000, 0x0000000100000000)
  region size 1024K, 26 young (26624K), 2 survivors (2048K)
 Metaspace       used 61125K, committed 61440K, reserved 1114112K
  class space    used 6945K, committed 7104K, reserved 1048576K
}
Event: 324.243 GC heap after
{Heap after GC invocations=48 (full 0):
 garbage-first heap   total 133120K, used 89432K [0x0000000084000000, 0x0000000100000000)
  region size 1024K, 4 young (4096K), 4 survivors (4096K)
 Metaspace       used 61125K, committed 61440K, reserved 1114112K
  class space    used 6945K, committed 7104K, reserved 1048576K
}

Dll operation events (7 events):
Event: 0.021 Loaded shared library C:\Program Files\Microsoft\jdk-17.0.18.8-hotspot\bin\java.dll
Event: 0.061 Loaded shared library C:\Program Files\Microsoft\jdk-17.0.18.8-hotspot\bin\jsvml.dll
Event: 0.479 Loaded shared library C:\Program Files\Microsoft\jdk-17.0.18.8-hotspot\bin\net.dll
Event: 0.482 Loaded shared library C:\Program Files\Microsoft\jdk-17.0.18.8-hotspot\bin\nio.dll
Event: 0.526 Loaded shared library C:\Program Files\Microsoft\jdk-17.0.18.8-hotspot\bin\zip.dll
Event: 0.701 Loaded shared library C:\Program Files\Microsoft\jdk-17.0.18.8-hotspot\bin\jimage.dll
Event: 6.134 Loaded shared library C:\Program Files\Microsoft\jdk-17.0.18.8-hotspot\bin\verify.dll

Deoptimization events (20 events):
Event: 315.782 Thread 0x000001628ca4bda0 Uncommon trap: trap_request=0xffffffde fr.pc=0x000001629c4b0b5c relative=0x00000000000000bc
Event: 315.782 Thread 0x000001628ca4bda0 Uncommon trap: reason=class_check action=maybe_recompile pc=0x000001629c4b0b5c method=org.jetbrains.kotlin.descriptors.impl.SimpleFunctionDescriptorImpl.initialize(Lorg/jetbrains/kotlin/descriptors/ReceiverParameterDescriptor;Lorg/jetbrains/kotlin/descrip
Event: 315.782 Thread 0x000001628ca4bda0 DEOPT PACKING pc=0x000001629c4b0b5c sp=0x0000001b1fcfa950
Event: 315.782 Thread 0x000001628ca4bda0 DEOPT UNPACKING pc=0x000001629bb4a1a3 sp=0x0000001b1fcfa8e0 mode 2
Event: 316.599 Thread 0x000001628ca4bda0 Uncommon trap: trap_request=0xffffffc6 fr.pc=0x000001629c601328 relative=0x0000000000000c88
Event: 316.599 Thread 0x000001628ca4bda0 Uncommon trap: reason=bimorphic_or_optimized_type_check action=maybe_recompile pc=0x000001629c601328 method=org.jetbrains.kotlin.types.checker.ClassicTypeSystemContext$DefaultImpls.typeDepth(Lorg/jetbrains/kotlin/types/checker/ClassicTypeSystemContext;Lor
Event: 316.599 Thread 0x000001628ca4bda0 DEOPT PACKING pc=0x000001629c601328 sp=0x0000001b1fcfad60
Event: 316.599 Thread 0x000001628ca4bda0 DEOPT UNPACKING pc=0x000001629bb4a1a3 sp=0x0000001b1fcfad00 mode 2
Event: 317.007 Thread 0x000001628ca4bda0 Uncommon trap: trap_request=0xffffff45 fr.pc=0x000001629c83eaf0 relative=0x0000000000000130
Event: 317.007 Thread 0x000001628ca4bda0 Uncommon trap: reason=unstable_if action=reinterpret pc=0x000001629c83eaf0 method=org.jetbrains.kotlin.types.AbstractTypeChecker.checkSubtypeForIntegerLiteralType(Lorg/jetbrains/kotlin/types/TypeCheckerState;Lorg/jetbrains/kotlin/types/model/SimpleTypeMar
Event: 317.007 Thread 0x000001628ca4bda0 DEOPT PACKING pc=0x000001629c83eaf0 sp=0x0000001b1fcfae80
Event: 317.007 Thread 0x000001628ca4bda0 DEOPT UNPACKING pc=0x000001629bb4a1a3 sp=0x0000001b1fcfae10 mode 2
Event: 326.028 Thread 0x000001628ca4bda0 Uncommon trap: trap_request=0xffffff45 fr.pc=0x000001629c807af4 relative=0x0000000000000194
Event: 326.028 Thread 0x000001628ca4bda0 Uncommon trap: reason=unstable_if action=reinterpret pc=0x000001629c807af4 method=org.jetbrains.kotlin.resolve.calls.inference.components.TypeCheckerStateForConstraintSystem.isTypeVariableWithExact(Lorg/jetbrains/kotlin/types/model/KotlinTypeMarker;)Z @ 1
Event: 326.028 Thread 0x000001628ca4bda0 DEOPT PACKING pc=0x000001629c807af4 sp=0x0000001b1fcf5e90
Event: 326.028 Thread 0x000001628ca4bda0 DEOPT UNPACKING pc=0x000001629bb4a1a3 sp=0x0000001b1fcf5df0 mode 2
Event: 328.656 Thread 0x000001628ca4bda0 Uncommon trap: trap_request=0xffffff45 fr.pc=0x000001629c3a2eec relative=0x00000000000004ac
Event: 328.656 Thread 0x000001628ca4bda0 Uncommon trap: reason=unstable_if action=reinterpret pc=0x000001629c3a2eec method=org.jetbrains.kotlin.load.java.AbstractAnnotationTypeQualifierResolver.extractAndMergeDefaultQualifiers(Lorg/jetbrains/kotlin/load/java/JavaTypeQualifiersByElementType;Ljava
Event: 328.656 Thread 0x000001628ca4bda0 DEOPT PACKING pc=0x000001629c3a2eec sp=0x0000001b1fcf7f00
Event: 328.656 Thread 0x000001628ca4bda0 DEOPT UNPACKING pc=0x000001629bb4a1a3 sp=0x0000001b1fcf7e50 mode 2

Classes loaded (20 events):
Event: 111.172 Loading class java/util/stream/Node$OfLong done
Event: 111.172 Loading class java/util/stream/Nodes$EmptyNode$OfLong done
Event: 111.172 Loading class java/util/stream/Nodes$EmptyNode$OfDouble
Event: 111.172 Loading class java/util/stream/Node$OfDouble
Event: 111.172 Loading class java/util/stream/Node$OfDouble done
Event: 111.172 Loading class java/util/stream/Nodes$EmptyNode$OfDouble done
Event: 111.172 Loading class java/util/stream/Nodes$SpinedNodeBuilder
Event: 111.172 Loading class java/util/stream/Node$Builder
Event: 111.226 Loading class java/util/stream/Node$Builder done
Event: 111.226 Loading class java/util/stream/SpinedBuffer
Event: 111.227 Loading class java/util/stream/AbstractSpinedBuffer
Event: 111.227 Loading class java/util/stream/AbstractSpinedBuffer done
Event: 111.227 Loading class java/util/stream/SpinedBuffer done
Event: 111.227 Loading class java/util/stream/Nodes$SpinedNodeBuilder done
Event: 112.967 Loading class java/util/RegularEnumSet$EnumSetIterator
Event: 112.967 Loading class java/util/RegularEnumSet$EnumSetIterator done
Event: 194.284 Loading class java/util/concurrent/locks/AbstractQueuedSynchronizer$Node
Event: 194.436 Loading class java/util/concurrent/locks/AbstractQueuedSynchronizer$Node done
Event: 218.001 Loading class jdk/internal/math/FloatingDecimal$ASCIIToBinaryBuffer
Event: 218.252 Loading class jdk/internal/math/FloatingDecimal$ASCIIToBinaryBuffer done

Classes unloaded (0 events):
No events

Classes redefined (0 events):
No events

Internal exceptions (20 events):
Event: 175.131 Thread 0x000001628ca4bda0 Implicit null exception at 0x000001629c568d3d to 0x000001629c570bd0
Event: 175.131 Thread 0x000001628ca4bda0 Implicit null exception at 0x000001629c3fdcf9 to 0x000001629c3fe075
Event: 186.463 Thread 0x000001628ca4bda0 Exception <a 'java/lang/NoSuchMethodError'{0x000000008bb23708}: 'java.lang.Object java.lang.invoke.DirectMethodHandle$Holder.newInvokeSpecial(java.lang.Object, java.lang.Object, java.lang.Object, java.lang.Object, java.lang.Object, java.lang.Object, java.lang.Object)'> (0x000000008bb23708) 
thrown [s\src\hotspot\share\interpreter\linkResolver.cpp, line 759]
Event: 186.463 Thread 0x000001628ca4bda0 Exception <a 'java/lang/NoSuchMethodError'{0x000000008bb282c0}: 'java.lang.Object java.lang.invoke.Invokers$Holder.linkToTargetMethod(java.lang.Object, java.lang.Object, java.lang.Object, java.lang.Object, java.lang.Object, java.lang.Object, java.lang.Object)'> (0x000000008bb282c0) 
thrown [s\src\hotspot\share\interpreter\linkResolver.cpp, line 759]
Event: 190.844 Thread 0x000001628ca4bda0 Implicit null exception at 0x000001629c5eef47 to 0x000001629c5f76c4
Event: 191.372 Thread 0x000001628ca4bda0 Implicit null exception at 0x000001629c4bd083 to 0x000001629c4bd374
Event: 196.743 Thread 0x000001628ca4bda0 Implicit null exception at 0x000001629c5de389 to 0x000001629c5ded24
Event: 206.854 Thread 0x000001628ca4bda0 Exception <a 'java/lang/NoSuchMethodError'{0x000000008aa74a38}: 'java.lang.Object java.lang.invoke.DirectMethodHandle$Holder.invokeInterface(java.lang.Object, java.lang.Object, java.lang.Object)'> (0x000000008aa74a38) 
thrown [s\src\hotspot\share\interpreter\linkResolver.cpp, line 759]
Event: 206.855 Thread 0x000001628ca4bda0 Exception <a 'java/lang/IncompatibleClassChangeError'{0x000000008aa788f8}: Found class java.lang.Object, but interface was expected> (0x000000008aa788f8) 
thrown [s\src\hotspot\share\interpreter\linkResolver.cpp, line 826]
Event: 209.459 Thread 0x000001628ca4bda0 Implicit null exception at 0x000001629c6bb23b to 0x000001629c6bcd80
Event: 215.256 Thread 0x000001628ca4bda0 Implicit null exception at 0x000001629c507f35 to 0x000001629c50b016
Event: 217.887 Thread 0x000001628ca4bda0 Exception <a 'java/lang/NoSuchMethodError'{0x0000000089fb8a90}: 'int java.lang.invoke.DirectMethodHandle$Holder.invokeStaticInit(java.lang.Object, int)'> (0x0000000089fb8a90) 
thrown [s\src\hotspot\share\interpreter\linkResolver.cpp, line 759]
Event: 219.554 Thread 0x000001628ca4bda0 Implicit null exception at 0x000001629c0ae572 to 0x000001629c0aebb0
Event: 220.538 Thread 0x000001628ca4bda0 Implicit null exception at 0x000001629c0af1f2 to 0x000001629c0af848
Event: 225.032 Thread 0x000001628ca4bda0 Implicit null exception at 0x000001629c316a7c to 0x000001629c316ba4
Event: 254.017 Thread 0x000001628ca4bda0 Implicit null exception at 0x000001629c3e251c to 0x000001629c3e34b8
Event: 255.262 Thread 0x000001628ca4bda0 Implicit null exception at 0x000001629c0f7f58 to 0x000001629c0f7fee
Event: 257.576 Thread 0x000001628ca4bda0 Exception <a 'java/lang/NoSuchMethodError'{0x000000008b5368e0}: 'java.lang.Object java.lang.invoke.DirectMethodHandle$Holder.newInvokeSpecial(java.lang.Object, int, java.lang.Object, java.lang.Object)'> (0x000000008b5368e0) 
thrown [s\src\hotspot\share\interpreter\linkResolver.cpp, line 759]
Event: 257.629 Thread 0x000001628ca4bda0 Exception <a 'java/lang/NoSuchMethodError'{0x000000008b53bad0}: 'java.lang.Object java.lang.invoke.DirectMethodHandle$Holder.invokeSpecial(java.lang.Object, java.lang.Object, int, java.lang.Object, java.lang.Object)'> (0x000000008b53bad0) 
thrown [s\src\hotspot\share\interpreter\linkResolver.cpp, line 759]
Event: 265.290 Thread 0x000001628ca4bda0 Exception <a 'java/lang/NoSuchMethodError'{0x000000008c0575b0}: 'void java.lang.invoke.DirectMethodHandle$Holder.invokeStatic(java.lang.Object, java.lang.Object, java.lang.Object)'> (0x000000008c0575b0) 
thrown [s\src\hotspot\share\interpreter\linkResolver.cpp, line 759]

VM Operations (20 events):
Event: 323.081 Executing VM operation: Cleanup
Event: 323.097 Executing VM operation: Cleanup done
Event: 324.101 Executing VM operation: Cleanup
Event: 324.116 Executing VM operation: Cleanup done
Event: 324.224 Executing VM operation: G1CollectForAllocation
Event: 324.244 Executing VM operation: G1CollectForAllocation done
Event: 324.846 Executing VM operation: G1PauseRemark
Event: 324.880 Executing VM operation: G1PauseRemark done
Event: 324.965 Executing VM operation: G1PauseCleanup
Event: 324.977 Executing VM operation: G1PauseCleanup done
Event: 325.979 Executing VM operation: Cleanup
Event: 325.995 Executing VM operation: Cleanup done
Event: 327.003 Executing VM operation: Cleanup
Event: 327.019 Executing VM operation: Cleanup done
Event: 328.029 Executing VM operation: Cleanup
Event: 328.077 Executing VM operation: Cleanup done
Event: 329.082 Executing VM operation: Cleanup
Event: 329.096 Executing VM operation: Cleanup done
Event: 330.099 Executing VM operation: Cleanup
Event: 330.162 Executing VM operation: Cleanup done

Memory protections (0 events):
No events

Nmethod flushes (20 events):
Event: 308.798 Thread 0x00000162aa48e550 flushing  nmethod 0x0000016295bc3510
Event: 308.798 Thread 0x00000162aa48e550 flushing  nmethod 0x0000016295bc3b90
Event: 308.798 Thread 0x00000162aa48e550 flushing  nmethod 0x0000016295bef210
Event: 308.799 Thread 0x00000162aa48e550 flushing  nmethod 0x0000016295ce7390
Event: 308.799 Thread 0x00000162aa48e550 flushing  nmethod 0x0000016295ce8210
Event: 308.799 Thread 0x00000162aa48e550 flushing  nmethod 0x0000016295d5ab90
Event: 308.799 Thread 0x00000162aa48e550 flushing  nmethod 0x0000016295d5b690
Event: 308.800 Thread 0x00000162aa48e550 flushing  nmethod 0x0000016295e22910
Event: 308.800 Thread 0x00000162aa48e550 flushing  nmethod 0x0000016295e2e910
Event: 308.800 Thread 0x00000162aa48e550 flushing  nmethod 0x0000016295f17290
Event: 308.800 Thread 0x00000162aa48e550 flushing  nmethod 0x0000016295f58790
Event: 308.801 Thread 0x00000162aa48e550 flushing  nmethod 0x0000016295fdeb90
Event: 308.801 Thread 0x00000162aa48e550 flushing  nmethod 0x00000162960d3990
Event: 308.801 Thread 0x00000162aa48e550 flushing  nmethod 0x00000162960e7710
Event: 308.801 Thread 0x00000162aa48e550 flushing  nmethod 0x0000016296173b90
Event: 308.870 Thread 0x00000162aa48e550 flushing  nmethod 0x000001629618ab10
Event: 308.870 Thread 0x00000162aa48e550 flushing  nmethod 0x00000162961f7990
Event: 308.870 Thread 0x00000162aa48e550 flushing  nmethod 0x000001629623c610
Event: 308.870 Thread 0x00000162aa48e550 flushing  nmethod 0x0000016296283c10
Event: 308.871 Thread 0x00000162aa48e550 flushing  nmethod 0x00000162962a3490

Events (20 events):
Event: 142.380 Thread 0x00000162aa42dde0 Thread added: 0x00000162f0d358b0
Event: 142.506 Thread 0x00000162f0d358b0 Thread exited: 0x00000162f0d358b0
Event: 142.951 Thread 0x00000162aa42dde0 Thread added: 0x00000162f0ef7730
Event: 144.516 Thread 0x00000162f0ef7730 Thread exited: 0x00000162f0ef7730
Event: 152.219 Thread 0x00000162aa488860 Thread added: 0x00000162f05c04b0
Event: 152.521 Thread 0x00000162f05c04b0 Thread exited: 0x00000162f05c04b0
Event: 158.092 Thread 0x00000162aa42dde0 Thread added: 0x00000162f05c04b0
Event: 158.723 Thread 0x00000162f05c04b0 Thread exited: 0x00000162f05c04b0
Event: 160.067 Thread 0x00000162aa488860 Thread added: 0x00000162f05c04b0
Event: 162.558 Thread 0x00000162f05c04b0 Thread exited: 0x00000162f05c04b0
Event: 217.689 Thread 0x00000162aa488860 Thread added: 0x00000162f1f0cae0
Event: 218.364 Thread 0x00000162f1f0cae0 Thread exited: 0x00000162f1f0cae0
Event: 268.909 Thread 0x00000162aa42dde0 Thread added: 0x00000162f1ee4cd0
Event: 269.088 Thread 0x00000162f1ee4cd0 Thread exited: 0x00000162f1ee4cd0
Event: 284.764 Thread 0x00000162aa42dde0 Thread added: 0x00000162f1022590
Event: 285.325 Thread 0x00000162f1022590 Thread exited: 0x00000162f1022590
Event: 285.899 Thread 0x00000162aa488860 Thread added: 0x00000162f1022590
Event: 286.126 Thread 0x00000162f1022590 Thread exited: 0x00000162f1022590
Event: 287.830 Thread 0x00000162aa42dde0 Thread added: 0x00000162f1437080
Event: 288.345 Thread 0x00000162f1437080 Thread exited: 0x00000162f1437080


Dynamic libraries:
0x00007ff654e40000 - 0x00007ff654e4e000 	C:\Program Files\Microsoft\jdk-17.0.18.8-hotspot\bin\java.exe
0x00007ff869a20000 - 0x00007ff869c87000 	C:\WINDOWS\SYSTEM32\ntdll.dll
0x00007ff869150000 - 0x00007ff869219000 	C:\WINDOWS\System32\KERNEL32.DLL
0x00007ff866f70000 - 0x00007ff867364000 	C:\WINDOWS\System32\KERNELBASE.dll
0x00007ff866d90000 - 0x00007ff866edb000 	C:\WINDOWS\System32\ucrtbase.dll
0x00007ff8487b0000 - 0x00007ff8487c8000 	C:\Program Files\Microsoft\jdk-17.0.18.8-hotspot\bin\jli.dll
0x00007ff868170000 - 0x00007ff868335000 	C:\WINDOWS\System32\USER32.dll
0x00007ff867550000 - 0x00007ff867577000 	C:\WINDOWS\System32\win32u.dll
0x00007ff869220000 - 0x00007ff86924b000 	C:\WINDOWS\System32\GDI32.dll
0x00007ff867420000 - 0x00007ff86754b000 	C:\WINDOWS\System32\gdi32full.dll
0x00007ff867370000 - 0x00007ff867413000 	C:\WINDOWS\System32\msvcp_win.dll
0x00007ff842320000 - 0x00007ff84233e000 	C:\Program Files\Microsoft\jdk-17.0.18.8-hotspot\bin\VCRUNTIME140.dll
0x00007ff850d00000 - 0x00007ff850f93000 	C:\WINDOWS\WinSxS\amd64_microsoft.windows.common-controls_6595b64144ccf1df_6.0.26100.8115_none_3e075c82e3354f9c\COMCTL32.dll
0x00007ff868f30000 - 0x00007ff868fd9000 	C:\WINDOWS\System32\msvcrt.dll
0x00007ff867920000 - 0x00007ff867952000 	C:\WINDOWS\System32\IMM32.DLL
0x00007ff858890000 - 0x00007ff85889c000 	C:\Program Files\Microsoft\jdk-17.0.18.8-hotspot\bin\vcruntime140_1.dll
0x00007ff8033c0000 - 0x00007ff803449000 	C:\Program Files\Microsoft\jdk-17.0.18.8-hotspot\bin\msvcp140.dll
0x00007fffbc3a0000 - 0x00007fffbd01a000 	C:\Program Files\Microsoft\jdk-17.0.18.8-hotspot\bin\server\jvm.dll
0x00007ff868d60000 - 0x00007ff868e16000 	C:\WINDOWS\System32\ADVAPI32.dll
0x00007ff867c40000 - 0x00007ff867ce7000 	C:\WINDOWS\System32\sechost.dll
0x00007ff868c20000 - 0x00007ff868d38000 	C:\WINDOWS\System32\RPCRT4.dll
0x00007ff868ea0000 - 0x00007ff868f20000 	C:\WINDOWS\System32\WS2_32.dll
0x00007ff866170000 - 0x00007ff8661ce000 	C:\WINDOWS\SYSTEM32\POWRPROF.dll
0x00007ff852370000 - 0x00007ff8523a6000 	C:\WINDOWS\SYSTEM32\WINMM.dll
0x00007ff85a1f0000 - 0x00007ff85a1fb000 	C:\WINDOWS\SYSTEM32\VERSION.dll
0x00007ff866150000 - 0x00007ff866164000 	C:\WINDOWS\SYSTEM32\UMPDC.dll
0x00007ff865050000 - 0x00007ff86506b000 	C:\WINDOWS\SYSTEM32\kernel.appcore.dll
0x00007ff850bf0000 - 0x00007ff850bfa000 	C:\Program Files\Microsoft\jdk-17.0.18.8-hotspot\bin\jimage.dll
0x00007ff8643d0000 - 0x00007ff864612000 	C:\WINDOWS\SYSTEM32\DBGHELP.DLL
0x00007ff867d80000 - 0x00007ff868102000 	C:\WINDOWS\System32\combase.dll
0x00007ff8677c0000 - 0x00007ff867898000 	C:\WINDOWS\System32\OLEAUT32.dll
0x00007ff844890000 - 0x00007ff8448cb000 	C:\WINDOWS\SYSTEM32\dbgcore.DLL
0x00007ff867580000 - 0x00007ff867625000 	C:\WINDOWS\System32\bcryptPrimitives.dll
0x00007ff84c730000 - 0x00007ff84c756000 	C:\Program Files\Microsoft\jdk-17.0.18.8-hotspot\bin\java.dll
0x00007ff839210000 - 0x00007ff8392e6000 	C:\Program Files\Microsoft\jdk-17.0.18.8-hotspot\bin\jsvml.dll
0x00007ff868350000 - 0x00007ff868ab7000 	C:\WINDOWS\System32\SHELL32.dll
0x00007ff866c20000 - 0x00007ff866d8a000 	C:\WINDOWS\System32\wintypes.dll
0x00007ff8663b0000 - 0x00007ff866c18000 	C:\WINDOWS\System32\windows.storage.dll
0x00007ff869050000 - 0x00007ff869148000 	C:\WINDOWS\System32\SHCORE.dll
0x00007ff868fe0000 - 0x00007ff869046000 	C:\WINDOWS\System32\shlwapi.dll
0x00007ff866210000 - 0x00007ff866239000 	C:\WINDOWS\SYSTEM32\profapi.dll
0x00007ff84c710000 - 0x00007ff84c72b000 	C:\Program Files\Microsoft\jdk-17.0.18.8-hotspot\bin\net.dll
0x00007ff8596e0000 - 0x00007ff85980d000 	C:\WINDOWS\SYSTEM32\WINHTTP.dll
0x00007ff8655d0000 - 0x00007ff86563c000 	C:\WINDOWS\system32\mswsock.dll
0x00007ff848d40000 - 0x00007ff848d56000 	C:\Program Files\Microsoft\jdk-17.0.18.8-hotspot\bin\nio.dll
0x00007ff848d20000 - 0x00007ff848d38000 	C:\Program Files\Microsoft\jdk-17.0.18.8-hotspot\bin\zip.dll
0x00007ff8615d0000 - 0x00007ff8615e0000 	C:\Program Files\Microsoft\jdk-17.0.18.8-hotspot\bin\verify.dll

dbghelp: loaded successfully - version: 4.0.5 - missing functions: none
symbol engine: initialized successfully - sym options: 0x614 - pdb path: .;C:\Program Files\Microsoft\jdk-17.0.18.8-hotspot\bin;C:\WINDOWS\SYSTEM32;C:\WINDOWS\WinSxS\amd64_microsoft.windows.common-controls_6595b64144ccf1df_6.0.26100.8115_none_3e075c82e3354f9c;C:\Program Files\Microsoft\jdk-17.0.18.8-hotspot\bin\server

VM Arguments:
java_command: org.jetbrains.kotlin.cli.jvm.K2JVMCompiler @C:\Users\Frank\OneDrive\Escritorio\DaDosMagicos\DadoTriple\node_modules\react-native-screens\android\build\20260426_10213513621232520008.compiler.options
java_class_path (initial): C:\Users\Frank\.gradle\caches\modules-2\files-2.1\org.jetbrains.kotlin\kotlin-compiler-embeddable\1.8.0\eb9118d4bcceaa2a94b2ae2a33a4ddba7c9a947f\kotlin-compiler-embeddable-1.8.0.jar;C:\Users\Frank\.gradle\caches\modules-2\files-2.1\org.jetbrains.kotlin\kotlin-stdlib\1.8.0\1796921c7a3e2e2665a83e6c8d33399336cd39bc\kotlin-stdlib-1.8.0.jar;C:\Users\Frank\.gradle\caches\modules-2\files-2.1\org.jetbrains.kotlin\kotlin-script-runtime\1.8.0\b2f7e760d283cb339974851c222a4c1d48f2d3d\kotlin-script-runtime-1.8.0.jar;C:\Users\Frank\.gradle\caches\modules-2\files-2.1\org.jetbrains.kotlin\kotlin-reflect\1.6.10\1cbe9c92c12a94eea200d23c2bbaedaf3daf5132\kotlin-reflect-1.6.10.jar;C:\Users\Frank\.gradle\caches\modules-2\files-2.1\org.jetbrains.kotlin\kotlin-daemon-embeddable\1.8.0\d255216c551685dc3a7e852b53617f5f01aaaa5c\kotlin-daemon-embeddable-1.8.0.jar;C:\Users\Frank\.gradle\caches\modules-2\files-2.1\org.jetbrains.intellij.deps\trove4j\1.0.20200330\3afb14d5f9ceb459d724e907a21145e8ff394f02\trove4j-1.0.20200330.jar;C:\Users\Frank\.gradle\caches\modules-2\files-2.1\net.java.dev.jna\jna\5.6.0\330f2244e9030119ab3030fc3fededc86713d9cc\jna-5.6.0.jar;C:\Users\Frank\.gradle\caches\modules-2\files-2.1\org.jetbrains.kotlin\kotlin-stdlib-common\1.8.0\f7197e7cc76453ac59f8b0f8d5137cc600becd36\kotlin-stdlib-common-1.8.0.jar;C:\Users\Frank\.gradle\caches\modules-2\files-2.1\org.jetbrains\annotations\13.0\919f0dfe192fb4e063e7dacadee7f8bb9a2672a9\annotations-13.0.jar
Launcher Type: SUN_STANDARD

[Global flags]
     intx CICompilerCount                          = 3                                         {product} {ergonomic}
     uint ConcGCThreads                            = 1                                         {product} {ergonomic}
     uint G1ConcRefinementThreads                  = 4                                         {product} {ergonomic}
   size_t G1HeapRegionSize                         = 1048576                                   {product} {ergonomic}
    uintx GCDrainStackTargetSize                   = 64                                        {product} {ergonomic}
   size_t InitialHeapSize                          = 130023424                                 {product} {ergonomic}
   size_t MarkStackSize                            = 4194304                                   {product} {ergonomic}
   size_t MaxHeapSize                              = 2080374784                                {product} {ergonomic}
   size_t MaxNewSize                               = 1247805440                                {product} {ergonomic}
   size_t MinHeapDeltaBytes                        = 1048576                                   {product} {ergonomic}
   size_t MinHeapSize                              = 8388608                                   {product} {ergonomic}
    uintx NonNMethodCodeHeapSize                   = 5832780                                {pd product} {ergonomic}
    uintx NonProfiledCodeHeapSize                  = 122912730                              {pd product} {ergonomic}
    uintx ProfiledCodeHeapSize                     = 122912730                              {pd product} {ergonomic}
    uintx ReservedCodeCacheSize                    = 251658240                              {pd product} {ergonomic}
     bool SegmentedCodeCache                       = true                                      {product} {ergonomic}
   size_t SoftMaxHeapSize                          = 2080374784                             {manageable} {ergonomic}
     bool UseCompressedClassPointers               = true                           {product lp64_product} {ergonomic}
     bool UseCompressedOops                        = true                           {product lp64_product} {ergonomic}
     bool UseG1GC                                  = true                                      {product} {ergonomic}
     bool UseLargePagesIndividualAllocation        = false                                  {pd product} {ergonomic}

Logging:
Log output configuration:
 #0: stdout all=warning uptime,level,tags
 #1: stderr all=off uptime,level,tags

Environment Variables:
CLASSPATH=C:\Users\Frank\OneDrive\Escritorio\DaDosMagicos\DadoTriple\android\\gradle\wrapper\gradle-wrapper.jar
PATH=C:\Users\Frank\OneDrive\Escritorio\DaDosMagicos\DadoTriple\node_modules\.bin;C:\Users\Frank\OneDrive\Escritorio\DaDosMagicos\DadoTriple\node_modules\.bin;C:\Users\Frank\OneDrive\Escritorio\DaDosMagicos\node_modules\.bin;C:\Users\Frank\OneDrive\Escritorio\node_modules\.bin;C:\Users\Frank\OneDrive\node_modules\.bin;C:\Users\Frank\node_modules\.bin;C:\Users\node_modules\.bin;C:\node_modules\.bin;C:\Program Files\nodejs\node_modules\npm\node_modules\@npmcli\run-script\lib\node-gyp-bin;C:\Users\Frank\OneDrive\Escritorio\DaDosMagicos\DadoTriple\node_modules\.bin;C:\Users\Frank\OneDrive\Escritorio\DaDosMagicos\DadoTriple\node_modules\.bin;C:\Users\Frank\OneDrive\Escritorio\DaDosMagicos\node_modules\.bin;C:\Users\Frank\OneDrive\Escritorio\node_modules\.bin;C:\Users\Frank\OneDrive\node_modules\.bin;C:\Users\Frank\node_modules\.bin;C:\Users\node_modules\.bin;C:\node_modules\.bin;C:\Program Files\nodejs\node_modules\npm\node_modules\@npmcli\run-script\lib\node-gyp-bin;C:\Program Files\Microsoft\jdk-17.0.18.8-hotspot\bin;C:\WINDOWS\system32;C:\WINDOWS;C:\WINDOWS\System32\Wbem;C:\WINDOWS\System32\WindowsPowerShell\v1.0\;C:\WINDOWS\System32\OpenSSH\;C:\Program Files\PuTTY\;C:\Program Files\Git\cmd;C:\Program Files\nodejs\;C:\Program Files\Microsoft\jdk-17.0.18.8-hotspot\bin;C:\WINDOWS\system32;C:\WINDOWS;C:\WINDOWS\System32\Wbem;C:\WINDOWS\System32\WindowsPowerShell\v1.0\;C:\WINDOWS\System32\OpenSSH\;C:\Program Files\PuTTY\;C:\Program Files\Git\cmd;C:\Program Files\nodejs\;c:\Users\Frank\AppData\Local\Programs\Trae\bin;C:\Users\Frank\AppData\Local\Programs\Python\Python313\Scripts\;C:\Users\Frank\AppData\Local\Programs\Python\Python313\;C:\Users\Frank\AppData\Local\Microsoft\WindowsApps;C:\Users\Frank\AppData\Local\GitHubDesktop\bin;C:\Users\Frank\AppData\Roaming\npm;C:\Users\Frank\.dotnet\tools;C:\Users\Frank\AppData\Local\Programs\Microsoft VS Code\bin;C:\Users\Frank\AppData\Local\Programs\Antigravity\bin;C:\Users\Frank\AppData\Local\Android\Sdk\platform-tools
USERNAME=Frank
LANG=es_ES.UTF-8
OS=Windows_NT
PROCESSOR_IDENTIFIER=Intel64 Family 6 Model 126 Stepping 5, GenuineIntel
TMP=C:\Users\Frank\AppData\Local\Temp
TEMP=C:\Users\Frank\AppData\Local\Temp



Periodic native trim disabled


---------------  S Y S T E M  ---------------

OS:
 Windows 11 , 64 bit Build 26100 (10.0.26100.8246)
OS uptime: 10 days 13:54 hours
Hyper-V role detected

CPU: total 4 (initial active 4) (2 cores per cpu, 2 threads per core) family 6 model 126 stepping 5 microcode 0xa6, cx8, cmov, fxsr, ht, mmx, 3dnowpref, sse, sse2, sse3, ssse3, sse4.1, sse4.2, popcnt, lzcnt, tsc, tscinvbit, avx, avx2, aes, erms, clmul, bmi1, bmi2, adx, avx512f, avx512dq, avx512cd, avx512bw, avx512vl, sha, fma, vzeroupper, avx512_vpopcntdq, avx512_vpclmulqdq, avx512_vaes, avx512_vnni, clflush, clflushopt, avx512_vbmi2, avx512_vbmi, hv
Processor Information for the first 4 processors :
  Max Mhz: 1190, Current Mhz: 1190, Mhz Limit: 1190

Memory: 4k page, system-wide physical 7934M (532M free)
TotalPageFile size 23001M (AvailPageFile size 4M)
current process WorkingSet (physical memory assigned to process): 258M, peak: 268M
current process commit charge ("private bytes"): 384M, peak: 386M

vm_info: OpenJDK 64-Bit Server VM (17.0.18+8-LTS) for windows-amd64 JRE (17.0.18+8-LTS), built on Jan 15 2026 18:50:45 by "MicrosoftCorporation" with MS VC++ 17.14 (VS2022)

END.
